src/app/_components/TherapySession.tsx(35,10): error TS17008: JSX element 'div' has no corresponding closing tag.
src/app/_components/TherapySession.tsx(77,14): error TS17008: JSX element 'div' has no corresponding closing tag.
src/app/_components/TherapySession.tsx(92,23): error TS1005: '}' expected.
src/app/_components/TherapySession.tsx(95,1): error TS1381: Unexpected token. Did you mean `{'}'}` or `&rbrace;`?
src/app/_components/TherapySession.tsx(98,38): error TS1109: Expression expected.
src/app/_components/TherapySession.tsx(98,46): error TS1005: '}' expected.
src/app/_components/TherapySession.tsx(107,1): error TS1381: Unexpected token. Did you mean `{'}'}` or `&rbrace;`?
src/app/_components/TherapySession.tsx(110,5): error TS1109: Expression expected.
src/app/_components/TherapySession.tsx(162,1): error TS1381: Unexpected token. Did you mean `{'}'}` or `&rbrace;`?
src/app/_components/TherapySession.tsx(164,75): error TS1005: '}' expected.
src/app/_components/TherapySession.tsx(164,105): error TS1381: Unexpected token. Did you mean `{'}'}` or `&rbrace;`?
src/app/_components/TherapySession.tsx(165,5): error TS1109: Expression expected.
src/app/_components/TherapySession.tsx(165,48): error TS17008: JSX element 'CallState' has no corresponding closing tag.
src/app/_components/TherapySession.tsx(167,75): error TS1003: Identifier expected.
src/app/_components/TherapySession.tsx(167,81): error TS1382: Unexpected token. Did you mean `{'>'}` or `&gt;`?
src/app/_components/TherapySession.tsx(168,69): error TS1003: Identifier expected.
src/app/_components/TherapySession.tsx(168,75): error TS1382: Unexpected token. Did you mean `{'>'}` or `&gt;`?
src/app/_components/TherapySession.tsx(170,60): error TS1003: Identifier expected.
src/app/_components/TherapySession.tsx(170,66): error TS1382: Unexpected token. Did you mean `{'>'}` or `&gt;`?
src/app/_components/TherapySession.tsx(171,65): error TS1003: Identifier expected.
src/app/_components/TherapySession.tsx(171,71): error TS1382: Unexpected token. Did you mean `{'>'}` or `&gt;`?
src/app/_components/TherapySession.tsx(176,19): error TS1382: Unexpected token. Did you mean `{'>'}` or `&gt;`?
src/app/_components/TherapySession.tsx(177,69): error TS1005: '}' expected.
src/app/_components/TherapySession.tsx(179,53): error TS1382: Unexpected token. Did you mean `{'>'}` or `&gt;`?
src/app/_components/TherapySession.tsx(180,47): error TS1005: '}' expected.
src/app/_components/TherapySession.tsx(183,9): error TS1381: Unexpected token. Did you mean `{'}'}` or `&rbrace;`?
src/app/_components/TherapySession.tsx(185,51): error TS1382: Unexpected token. Did you mean `{'>'}` or `&gt;`?
src/app/_components/TherapySession.tsx(186,50): error TS1005: '}' expected.
src/app/_components/TherapySession.tsx(188,9): error TS1381: Unexpected token. Did you mean `{'}'}` or `&rbrace;`?
src/app/_components/TherapySession.tsx(190,60): error TS1382: Unexpected token. Did you mean `{'>'}` or `&gt;`?
src/app/_components/TherapySession.tsx(191,59): error TS1382: Unexpected token. Did you mean `{'>'}` or `&gt;`?
src/app/_components/TherapySession.tsx(193,56): error TS1382: Unexpected token. Did you mean `{'>'}` or `&gt;`?
src/app/_components/TherapySession.tsx(194,62): error TS1005: '}' expected.
src/app/_components/TherapySession.tsx(196,9): error TS1381: Unexpected token. Did you mean `{'}'}` or `&rbrace;`?
src/app/_components/TherapySession.tsx(198,20): error TS1382: Unexpected token. Did you mean `{'>'}` or `&gt;`?
src/app/_components/TherapySession.tsx(199,57): error TS1005: '}' expected.
src/app/_components/TherapySession.tsx(200,9): error TS1381: Unexpected token. Did you mean `{'}'}` or `&rbrace;`?
src/app/_components/TherapySession.tsx(201,5): error TS1381: Unexpected token. Did you mean `{'}'}` or `&rbrace;`?
src/app/_components/TherapySession.tsx(203,35): error TS1382: Unexpected token. Did you mean `{'>'}` or `&gt;`?
src/app/_components/TherapySession.tsx(204,51): error TS1005: '}' expected.
src/app/_components/TherapySession.tsx(208,13): error TS1109: Expression expected.
src/app/_components/TherapySession.tsx(209,33): error TS1005: '}' expected.
src/app/_components/TherapySession.tsx(211,13): error TS1381: Unexpected token. Did you mean `{'}'}` or `&rbrace;`?
src/app/_components/TherapySession.tsx(218,9): error TS1381: Unexpected token. Did you mean `{'}'}` or `&rbrace;`?
src/app/_components/TherapySession.tsx(219,65): error TS1005: '}' expected.
src/app/_components/TherapySession.tsx(222,9): error TS1381: Unexpected token. Did you mean `{'}'}` or `&rbrace;`?
src/app/_components/TherapySession.tsx(223,5): error TS1381: Unexpected token. Did you mean `{'}'}` or `&rbrace;`?
src/app/_components/TherapySession.tsx(225,28): error TS1382: Unexpected token. Did you mean `{'>'}` or `&gt;`?
src/app/_components/TherapySession.tsx(226,57): error TS1005: '}' expected.
src/app/_components/TherapySession.tsx(227,5): error TS1381: Unexpected token. Did you mean `{'}'}` or `&rbrace;`?
src/app/_components/TherapySession.tsx(229,45): error TS1382: Unexpected token. Did you mean `{'>'}` or `&gt;`?
src/app/_components/TherapySession.tsx(230,9): error TS1109: Expression expected.
src/app/_components/TherapySession.tsx(232,45): error TS1005: '}' expected.
src/app/_components/TherapySession.tsx(234,9): error TS1381: Unexpected token. Did you mean `{'}'}` or `&rbrace;`?
src/app/_components/TherapySession.tsx(241,32): error TS1382: Unexpected token. Did you mean `{'>'}` or `&gt;`?
src/app/_components/TherapySession.tsx(242,13): error TS1109: Expression expected.
src/app/_components/TherapySession.tsx(243,93): error TS1005: '}' expected.
src/app/_components/TherapySession.tsx(252,63): error TS1003: Identifier expected.
src/app/_components/TherapySession.tsx(253,35): error TS1005: '}' expected.
src/app/_components/TherapySession.tsx(254,36): error TS1382: Unexpected token. Did you mean `{'>'}` or `&gt;`?
src/app/_components/TherapySession.tsx(255,17): error TS1381: Unexpected token. Did you mean `{'}'}` or `&rbrace;`?
src/app/_components/TherapySession.tsx(256,66): error TS1005: '}' expected.
src/app/_components/TherapySession.tsx(258,17): error TS1381: Unexpected token. Did you mean `{'}'}` or `&rbrace;`?
src/app/_components/TherapySession.tsx(259,59): error TS1005: '}' expected.
src/app/_components/TherapySession.tsx(261,17): error TS1381: Unexpected token. Did you mean `{'}'}` or `&rbrace;`?
src/app/_components/TherapySession.tsx(262,13): error TS1381: Unexpected token. Did you mean `{'}'}` or `&rbrace;`?
src/app/_components/TherapySession.tsx(263,59): error TS1005: '}' expected.
src/app/_components/TherapySession.tsx(266,13): error TS1381: Unexpected token. Did you mean `{'}'}` or `&rbrace;`?
src/app/_components/TherapySession.tsx(267,9): error TS1381: Unexpected token. Did you mean `{'}'}` or `&rbrace;`?
src/app/_components/TherapySession.tsx(270,5): error TS1381: Unexpected token. Did you mean `{'}'}` or `&rbrace;`?
src/app/_components/TherapySession.tsx(273,97): error TS1382: Unexpected token. Did you mean `{'>'}` or `&gt;`?
src/app/_components/TherapySession.tsx(274,9): error TS1109: Expression expected.
src/app/_components/TherapySession.tsx(278,5): error TS1381: Unexpected token. Did you mean `{'}'}` or `&rbrace;`?
src/app/_components/TherapySession.tsx(280,100): error TS1382: Unexpected token. Did you mean `{'>'}` or `&gt;`?
src/app/_components/TherapySession.tsx(281,9): error TS1109: Expression expected.
src/app/_components/TherapySession.tsx(284,5): error TS1381: Unexpected token. Did you mean `{'}'}` or `&rbrace;`?
src/app/_components/TherapySession.tsx(287,22): error TS17008: JSX element 'motion.div' has no corresponding closing tag.
src/app/_components/TherapySession.tsx(446,30): error TS17008: JSX element 'div' has no corresponding closing tag.
src/app/_components/TherapySession.tsx(451,34): error TS17008: JSX element 'button' has no corresponding closing tag.
src/app/_components/TherapySession.tsx(457,13): error TS1381: Unexpected token. Did you mean `{'}'}` or `&rbrace;`?
src/app/_components/TherapySession.tsx(458,75): error TS1005: '}' expected.
src/app/_components/TherapySession.tsx(461,13): error TS1381: Unexpected token. Did you mean `{'}'}` or `&rbrace;`?
src/app/_components/TherapySession.tsx(462,9): error TS1381: Unexpected token. Did you mean `{'}'}` or `&rbrace;`?
src/app/_components/TherapySession.tsx(465,5): error TS1381: Unexpected token. Did you mean `{'}'}` or `&rbrace;`?
src/app/_components/TherapySession.tsx(468,97): error TS1382: Unexpected token. Did you mean `{'>'}` or `&gt;`?
src/app/_components/TherapySession.tsx(469,9): error TS1109: Expression expected.
src/app/_components/TherapySession.tsx(473,5): error TS1381: Unexpected token. Did you mean `{'}'}` or `&rbrace;`?
src/app/_components/TherapySession.tsx(475,100): error TS1382: Unexpected token. Did you mean `{'>'}` or `&gt;`?
src/app/_components/TherapySession.tsx(476,9): error TS1109: Expression expected.
src/app/_components/TherapySession.tsx(479,5): error TS1381: Unexpected token. Did you mean `{'}'}` or `&rbrace;`?
src/app/_components/TherapySession.tsx(657,1): error TS1381: Unexpected token. Did you mean `{'}'}` or `&rbrace;`?
src/app/_components/TherapySession.tsx(657,2): error TS1005: '</' expected.
